[www.designesia.com/themes/exhibiz/index-event-particle.html]
[backblue.gif]
[fade.gif]
[index.html]
[www.designesia.com/themes/exhibiz/index.html]
[www.designesia.com/themes/exhibiz/images-event/logo.png]
[www.designesia.com/themes/exhibiz/images-event/misc/2.jpg]
[www.designesia.com/themes/exhibiz/images-event/misc/3.jpg]
[www.designesia.com/themes/exhibiz/images-event/misc/1.jpg]
[www.designesia.com/themes/exhibiz/images-event/team/1.jpg]
[www.designesia.com/themes/exhibiz/images-event/team/2.jpg]
[www.designesia.com/themes/exhibiz/images-event/team/3.jpg]
[www.designesia.com/themes/exhibiz/images-event/team/4.jpg]
[www.designesia.com/themes/exhibiz/images-event/team/5.jpg]
[www.designesia.com/themes/exhibiz/images-event/team/6.jpg]
[www.designesia.com/themes/exhibiz/images-event/team/7.jpg]
[www.designesia.com/themes/exhibiz/images-event/logo/1.png]
[www.designesia.com/themes/exhibiz/images-event/logo/2.png]
[www.designesia.com/themes/exhibiz/images-event/logo/3.png]
[www.designesia.com/themes/exhibiz/images-event/logo/4.png]
[www.designesia.com/themes/exhibiz/images-event/logo/5.png]
[www.designesia.com/themes/exhibiz/images-event/logo/6.png]
[www.designesia.com/themes/exhibiz/images-event/logo/7.png]
[www.designesia.com/themes/exhibiz/images-event/logo/8.png]
[www.designesia.com/themes/exhibiz/images-event/portfolio/1.jpg]
[www.designesia.com/themes/exhibiz/images-event/portfolio/2.jpg]
[www.designesia.com/themes/exhibiz/images-event/portfolio/3.jpg]
[www.designesia.com/themes/exhibiz/images-event/portfolio/4.jpg]
[www.designesia.com/themes/exhibiz/js/jquery.min.js]
[www.designesia.com/themes/exhibiz/js/jpreLoader.js]
[www.designesia.com/themes/exhibiz/js/bootstrap.min.js]
[www.designesia.com/themes/exhibiz/js/jquery.isotope.min.js]
[www.designesia.com/themes/exhibiz/js/easing.js]
[www.designesia.com/themes/exhibiz/js/jquery.flexslider-min.js]
[www.designesia.com/themes/exhibiz/js/jquery.scrollto.js]
[www.designesia.com/themes/exhibiz/js/owl.carousel.js]
[www.designesia.com/themes/exhibiz/js/jquery.countTo.js]
[www.designesia.com/themes/exhibiz/js/classie.js]
[www.designesia.com/themes/exhibiz/js/video.resize.js]
[www.designesia.com/themes/exhibiz/js/validation.js]
[www.designesia.com/themes/exhibiz/js/wow.min.js]
[www.designesia.com/themes/exhibiz/js/jquery.magnific-popup.min.js]
[www.designesia.com/themes/exhibiz/js/jquery.stellar.min.js]
[www.designesia.com/themes/exhibiz/js/enquire.min.js]
[www.designesia.com/themes/exhibiz/js/designesia.js]
[www.designesia.com/themes/exhibiz/js/jquery.event.move.js]
[www.designesia.com/themes/exhibiz/js/jquery.plugin.js]
[www.designesia.com/themes/exhibiz/js/jquery.countdown.js]
[www.designesia.com/themes/exhibiz/js/countdown-custom.js]
[www.designesia.com/themes/exhibiz/js/particles.js]
[www.designesia.com/themes/exhibiz/js/particles-settings.js]
[www.designesia.com/themes/exhibiz/js/jquery.twentytwenty.js]
[www.designesia.com/themes/exhibiz/index-event-particle.html]
[www.designesia.com/themes/exhibiz/images-event/slider/wide1.jpg]
[www.designesia.com/themes/exhibiz/images-event/slider/wide2.jpg]
[www.designesia.com/themes/exhibiz/images-event/logo/2b.png]
[www.designesia.com/themes/exhibiz/images-event/logo/3b.png]
[www.designesia.com/themes/exhibiz/images-event/logo/4b.png]
[www.designesia.com/themes/exhibiz/images-event/logo/8b.png]
[www.designesia.com/themes/exhibiz/revolution/js/jquery.themepunch.tools.min838f.js]
[www.designesia.com/themes/exhibiz/revolution/js/jquery.themepunch.revolution.min838f.js]
[www.designesia.com/themes/exhibiz/revolution/js/extensions/revolution.extension.video.min.js]
[www.designesia.com/themes/exhibiz/revolution/js/extensions/revolution.extension.slideanims.min.js]
[www.designesia.com/themes/exhibiz/revolution/js/extensions/revolution.extension.layeranimation.min.js]
[www.designesia.com/themes/exhibiz/revolution/js/extensions/revolution.extension.navigation.min.js]
[www.designesia.com/themes/exhibiz/revolution/js/extensions/revolution.extension.actions.min.js]
[www.designesia.com/themes/exhibiz/revolution/js/extensions/revolution.extension.kenburn.min.js]
[www.designesia.com/themes/exhibiz/revolution/js/extensions/revolution.extension.migration.min.js]
[www.designesia.com/themes/exhibiz/revolution/js/extensions/revolution.extension.parallax.min.js]
[www.designesia.com/themes/exhibiz/index.html]
[www.designesia.com/themes/exhibiz/css/bootstrap.css]
[www.designesia.com/themes/exhibiz/css/jpreloader.css]
[www.designesia.com/themes/exhibiz/css/animate.css]
[www.designesia.com/themes/exhibiz/css/plugin.css]
[www.designesia.com/themes/exhibiz/css/owl.carousel.css]
[www.designesia.com/themes/exhibiz/css/owl.theme.css]
[www.designesia.com/themes/exhibiz/css/owl.transitions.css]
[www.designesia.com/themes/exhibiz/css/magnific-popup.css]
[www.designesia.com/themes/exhibiz/css/jquery.countdown.css]
[www.designesia.com/themes/exhibiz/css/style.css]
[www.designesia.com/themes/exhibiz/css/twentytwenty.css]
[www.designesia.com/themes/exhibiz/css/bg.css]
[www.designesia.com/themes/exhibiz/css/colors/magenta.css]
[www.designesia.com/themes/exhibiz/css/color.css]
[www.designesia.com/themes/exhibiz/fonts/font-awesome/fonts/fontawesome-webfont3e6e.eot]
[www.designesia.com/themes/exhibiz/fonts/font-awesome/fonts/fontawesome-webfontd41d.eot]
[www.designesia.com/themes/exhibiz/fonts/font-awesome/fonts/fontawesome-webfont3e6e.woff]
[www.designesia.com/themes/exhibiz/fonts/font-awesome/fonts/fontawesome-webfont3e6e.ttf]
[www.designesia.com/themes/exhibiz/fonts/font-awesome/css/font-awesome.css]
[www.designesia.com/themes/exhibiz/fonts/elegant_font/HTML_CSS/fonts/ElegantIcons.eot]
[www.designesia.com/themes/exhibiz/fonts/elegant_font/HTML_CSS/fonts/ElegantIconsd41d.eot]
[www.designesia.com/themes/exhibiz/fonts/elegant_font/HTML_CSS/fonts/ElegantIcons.woff]
[www.designesia.com/themes/exhibiz/fonts/elegant_font/HTML_CSS/fonts/ElegantIcons.ttf]
[www.designesia.com/themes/exhibiz/fonts/elegant_font/HTML_CSS/style.css]
[www.designesia.com/themes/exhibiz/fonts/et-line-font/fonts/et-line.eot]
[www.designesia.com/themes/exhibiz/fonts/et-line-font/fonts/et-lined41d.eot]
[www.designesia.com/themes/exhibiz/fonts/et-line-font/fonts/et-line.woff]
[www.designesia.com/themes/exhibiz/fonts/et-line-font/fonts/et-line.ttf]
[www.designesia.com/themes/exhibiz/fonts/et-line-font/style.css]
[www.designesia.com/themes/exhibiz/css/font-style.css]
[www.designesia.com/themes/exhibiz/revolution/fonts/revicons/revicons90c6.eot]
[www.designesia.com/themes/exhibiz/revolution/fonts/revicons/revicons90c6.woff]
[www.designesia.com/themes/exhibiz/revolution/fonts/revicons/revicons90c6.ttf]
[www.designesia.com/themes/exhibiz/revolution/assets/gridtile.png]
[www.designesia.com/themes/exhibiz/revolution/assets/gridtile_white.png]
[www.designesia.com/themes/exhibiz/revolution/assets/gridtile_3x3.png]
[www.designesia.com/themes/exhibiz/revolution/assets/gridtile_3x3_white.png]
[www.designesia.com/themes/exhibiz/revolution/assets/coloredbg.png]
[www.designesia.com/themes/exhibiz/revolution/assets/loader.gif]
[www.designesia.com/themes/exhibiz/revolution/css/settings.css]
[www.designesia.com/themes/exhibiz/revolution/css/layers.css]
[www.designesia.com/themes/exhibiz/revolution/css/navigation.css]
[www.designesia.com/themes/exhibiz/css/rev-settings.css]
[www.designesia.com/themes/exhibiz/images/ui.totop.html]
[www.designesia.com/themes/exhibiz/css/owl.video.play.html]
[www.designesia.com/themes/exhibiz/images-event/dotted.html]
[www.designesia.com/themes/exhibiz/images-event/icon-slide-plus.html]
[www.designesia.com/themes/exhibiz/images-event/icon-slide-min.html]
[www.designesia.com/themes/exhibiz/images-event/close.html]
[www.designesia.com/themes/exhibiz/images-event/close-2.html]
[www.designesia.com/themes/exhibiz/images-event/icon-url.html]
[www.designesia.com/themes/exhibiz/images-event/icon-zoom.html]
[www.designesia.com/themes/exhibiz/images-event/list-arrow.html]
[www.designesia.com/themes/exhibiz/images-event/page-loader.html]
[www.designesia.com/themes/exhibiz/images-event/arrow-down.html]
[www.designesia.com/themes/exhibiz/images-event/ui/arrow-down.html]
[www.designesia.com/themes/exhibiz/images-event/ui/arrow-down-invert.html]
[www.designesia.com/themes/exhibiz/images-event/ui/arrow-up.html]
[www.designesia.com/themes/exhibiz/images-event/ui/arrow-up-invert.html]
[www.designesia.com/themes/exhibiz/images/background/subheader.html]
[www.designesia.com/themes/exhibiz/images/background/subheader-1.html]
[www.designesia.com/themes/exhibiz/images/background/subheader-1b.html]
[www.designesia.com/themes/exhibiz/images/background/subheader-2.html]
[www.designesia.com/themes/exhibiz/images/background/subheader-3.html]
[www.designesia.com/themes/exhibiz/images/background/subheader-4.html]
[www.designesia.com/themes/exhibiz/images/background/subheader-5.html]
[www.designesia.com/themes/exhibiz/images/background/subheader-6.html]
[www.designesia.com/themes/exhibiz/images/background/bg-3.html]
[www.designesia.com/themes/exhibiz/images/background/bg-side-1.html]
[www.designesia.com/themes/exhibiz/images/background/bg-side-2.html]
[www.designesia.com/themes/exhibiz/images/background/bg-side-3.html]
[www.designesia.com/themes/exhibiz/images/background/bg-14.html]
[www.designesia.com/themes/exhibiz/images/background/bg-5.html]
[www.designesia.com/themes/exhibiz/images/background/bg-9.html]
[www.designesia.com/themes/exhibiz/images/background/bg-6.html]
[www.designesia.com/themes/exhibiz/images/background/bg-4.html]
[www.designesia.com/themes/exhibiz/images/background/bg-7.html]
[www.designesia.com/themes/exhibiz/images/background/bg-10.html]
[www.designesia.com/themes/exhibiz/images/background/bg-15.html]
[www.designesia.com/themes/exhibiz/images/background/bg-19.html]
[www.designesia.com/themes/exhibiz/images/background/bg-20.html]
[www.designesia.com/themes/exhibiz/images/background/bg-21.html]
[www.designesia.com/themes/exhibiz/images/background/bg-23.html]
[www.designesia.com/themes/exhibiz/images/background/bg-25.html]
[www.designesia.com/themes/exhibiz/images/background/bg-26.html]
[www.designesia.com/themes/exhibiz/images/background/bg-29.html]
[www.designesia.com/themes/exhibiz/images/background/bg-30.html]
[www.designesia.com/themes/exhibiz/images/background/bg-8.html]
[www.designesia.com/themes/exhibiz/images/background/bg-16.html]
[www.designesia.com/themes/exhibiz/images/background/bg-17.html]
[www.designesia.com/themes/exhibiz/images/background/bg-2.html]
[www.designesia.com/themes/exhibiz/images/background/bg-12.html]
[www.designesia.com/themes/exhibiz/images/background/bg-32.html]
[www.designesia.com/themes/exhibiz/images/background/bg-side-4.html]
[www.designesia.com/themes/exhibiz/images/background/bg-13.html]
[www.designesia.com/themes/exhibiz/images/background/bg-18.html]
[www.designesia.com/themes/exhibiz/images/background/bg-side-5.html]
[www.designesia.com/themes/exhibiz/images/background/bg-side-6.html]
[www.designesia.com/themes/exhibiz/images/background/bg-22.html]
[www.designesia.com/themes/exhibiz/images/background/bg-24.html]
[www.designesia.com/themes/exhibiz/images/background/bg-27.html]
[www.designesia.com/themes/exhibiz/images/background/bg-side-10.html]
[www.designesia.com/themes/exhibiz/images/background/bg-28.html]
[www.designesia.com/themes/exhibiz/images/background/bg-31.html]
[www.designesia.com/themes/exhibiz/images/background/pattern-1.html]
[www.designesia.com/themes/exhibiz/images/background/bg-side-8.html]
[www.designesia.com/themes/exhibiz/images/background/bg-side-7.html]
[www.designesia.com/themes/exhibiz/images/background/bg-side-9.html]
[www.designesia.com/themes/exhibiz/images/background/bg-service-1.html]
[www.designesia.com/themes/exhibiz/images/background/bg-service-2.html]
[www.designesia.com/themes/exhibiz/images/background/bg-service-3.html]
[www.designesia.com/themes/exhibiz/images/background/bg-service-4.html]
[www.designesia.com/themes/exhibiz/images/background/bg-subheader-sn.html]
[www.designesia.com/themes/exhibiz/images/background/subheader-1-sn.html]
[www.designesia.com/themes/exhibiz/images/background/subheader-2-sn.html]
[www.designesia.com/themes/exhibiz/images/background/subheader-3-sn.html]
[www.designesia.com/themes/exhibiz/images/background/subheader-4-sn.html]
[www.designesia.com/themes/exhibiz/images/background/subheader-5-sn.html]
[www.designesia.com/themes/exhibiz/images/background/subheader-6-sn.html]
[www.designesia.com/themes/exhibiz/fonts/font-awesome/fonts/fontawesome-webfont3e6e.html]
[www.designesia.com/themes/exhibiz/fonts/font-awesome/fonts/fontawesome-webfont3e6e.svg]
[www.designesia.com/themes/exhibiz/fonts/elegant_font/HTML_CSS/fonts/ElegantIcons.svg]
[www.designesia.com/themes/exhibiz/fonts/et-line-font/fonts/et-line.svg]
[www.designesia.com/themes/exhibiz/revolution/fonts/revicons/revicons90c6.svg]
[www.designesia.com/themes/exhibiz/revolution/css/openhand.html]
[www.designesia.com/themes/exhibiz/revolution/css/closedhand.html]
